<!doctype html>
<html lang="en">
  <head>
    <meta charset="UTF-8" />
    <link rel="icon" type="image/png" href="/logo.png" />

    <link
      rel="apple-touch-icon"
      sizes="180x180"
      href="/static/apple-touch-icon.png"
    />
    <link
      rel="icon"
      type="image/png"
      sizes="32x32"
      href="/static/favicon-32x32.png"
    />
    <link
      rel="icon"
      type="image/png"
      sizes="16x16"
      href="/static/favicon-16x16.png"
    />
    <link rel="manifest" href="/static/site.webmanifest" />

    <meta name="viewport" content="width=device-width, initial-scale=1.0" />
    <title>Dispatcharr</title>
    <script type="module" crossorigin src="/assets/index-CdDyJ60O.js"></script>
    <link rel="stylesheet" crossorigin href="/assets/index-Ds5qLkMK.css">
  </head>
  <body>
    <div id="root"></div>
  </body>
</html>
